[    0.000000] Linux version 4.15.0-101-generic (buildd@lgw01-amd64-003) (gcc version 7.5.0 (Ubuntu 7.5.0-3ubuntu1~18.04)) #102-Ubuntu SMP Mon May 11 10:07:26 UTC 2020 (Ubuntu 4.15.0-101.102-generic 4.15.18)
[    0.000000] Command line: BOOT_IMAGE=/boot/vmlinuz-4.15.0-101-generic root=LABEL=cloudimg-rootfs ro console=tty1 console=ttyS0
[    0.000000] KERNEL supported cpus:
[    0.000000]   Intel GenuineIntel
[    0.000000]   AMD AuthenticAMD
[    0.000000]   Centaur CentaurHauls
[    0.000000] x86/fpu: Supporting XSAVE feature 0x001: 'x87 floating point registers'
[    0.000000] x86/fpu: Supporting XSAVE feature 0x002: 'SSE registers'
[    0.000000] x86/fpu: Supporting XSAVE feature 0x004: 'AVX registers'
[    0.000000] x86/fpu: xstate_offset[2]:  576, xstate_sizes[2]:  256
[    0.000000] x86/fpu: Enabled xstate features 0x7, context size is 832 bytes, using 'standard' format.
[    0.000000] e820: BIOS-provided physical RAM map:
[    0.000000] BIOS-e820: [mem 0x0000000000000000-0x000000000009fbff] usable
[    0.000000] BIOS-e820: [mem 0x000000000009fc00-0x000000000009ffff] reserved
[    0.000000] BIOS-e820: [mem 0x00000000000f0000-0x00000000000fffff] reserved
[    0.000000] BIOS-e820: [mem 0x0000000000100000-0x000000003ffeffff] usable
[    0.000000] BIOS-e820: [mem 0x000000003fff0000-0x000000003fffffff] ACPI data
[    0.000000] BIOS-e820: [mem 0x00000000fec00000-0x00000000fec00fff] reserved
[    0.000000] BIOS-e820: [mem 0x00000000fee00000-0x00000000fee00fff] reserved
[    0.000000] BIOS-e820: [mem 0x00000000fffc0000-0x00000000ffffffff] reserved
[    0.000000] NX (Execute Disable) protection: active
[    0.000000] SMBIOS 2.5 present.
[    0.000000] DMI: innotek GmbH VirtualBox/VirtualBox, BIOS VirtualBox 12/01/2006
[    0.000000] Hypervisor detected: KVM
[    0.000000] e820: last_pfn = 0x3fff0 max_arch_pfn = 0x400000000
[    0.000000] MTRR: Disabled
[    0.000000] x86/PAT: MTRRs disabled, skipping PAT initialization too.
[    0.000000] CPU MTRRs all blank - virtualized system.
[    0.000000] x86/PAT: Configuration [0-7]: WB  WT  UC- UC  WB  WT  UC- UC  
[    0.000000] found SMP MP-table at [mem 0x0009fff0-0x0009ffff]
[    0.000000] Scanning 1 areas for low memory corruption
[    0.000000] RAMDISK: [mem 0x35a6b000-0x36d2cfff]
[    0.000000] ACPI: Early table checksum verification disabled
[    0.000000] ACPI: RSDP 0x00000000000E0000 000024 (v02 VBOX  )
[    0.000000] ACPI: XSDT 0x000000003FFF0030 00003C (v01 VBOX   VBOXXSDT 00000001 ASL  00000061)
[    0.000000] ACPI: FACP 0x000000003FFF00F0 0000F4 (v04 VBOX   VBOXFACP 00000001 ASL  00000061)
[    0.000000] ACPI: DSDT 0x000000003FFF0470 002325 (v02 VBOX   VBOXBIOS 00000002 INTL 20100528)
[    0.000000] ACPI: FACS 0x000000003FFF0200 000040
[    0.000000] ACPI: FACS 0x000000003FFF0200 000040
[    0.000000] ACPI: APIC 0x000000003FFF0240 00005C (v02 VBOX   VBOXAPIC 00000001 ASL  00000061)
[    0.000000] ACPI: SSDT 0x000000003FFF02A0 0001CC (v01 VBOX   VBOXCPUT 00000002 INTL 20100528)
[    0.000000] No NUMA configuration found
[    0.000000] Faking a node at [mem 0x0000000000000000-0x000000003ffeffff]
[    0.000000] NODE_DATA(0) allocated [mem 0x3ffc5000-0x3ffeffff]
[    0.000000] kvm-clock: cpu 0, msr 0:3ff44001, primary cpu clock
[    0.000000] kvm-clock: Using msrs 4b564d01 and 4b564d00
[    0.000000] kvm-clock: using sched offset of 4108661448 cycles
[    0.000000] clocksource: kvm-clock: mask: 0xffffffffffffffff max_cycles: 0x1cd42e4dffb, max_idle_ns: 881590591483 ns
[    0.000000] Zone ranges:
[    0.000000]   DMA      [mem 0x0000000000001000-0x0000000000ffffff]
[    0.000000]   DMA32    [mem 0x0000000001000000-0x000000003ffeffff]
[    0.000000]   Normal   empty
[    0.000000]   Device   empty
[    0.000000] Movable zone start for each node
[    0.000000] Early memory node ranges
[    0.000000]   node   0: [mem 0x0000000000001000-0x000000000009efff]
[    0.000000]   node   0: [mem 0x0000000000100000-0x000000003ffeffff]
[    0.000000] Reserved but unavailable: 98 pages
[    0.000000] Initmem setup node 0 [mem 0x0000000000001000-0x000000003ffeffff]
[    0.000000] ACPI: PM-Timer IO Port: 0x4008
[    0.000000] IOAPIC[0]: apic_id 2, version 32, address 0xfec00000, GSI 0-23
[    0.000000] ACPI: INT_SRC_OVR (bus 0 bus_irq 0 global_irq 2 dfl dfl)
[    0.000000] ACPI: INT_SRC_OVR (bus 0 bus_irq 9 global_irq 9 low level)
[    0.000000] Using ACPI (MADT) for SMP configuration information
[    0.000000] smpboot: Allowing 2 CPUs, 0 hotplug CPUs
[    0.000000] PM: Registered nosave memory: [mem 0x00000000-0x00000fff]
[    0.000000] PM: Registered nosave memory: [mem 0x0009f000-0x0009ffff]
[    0.000000] PM: Registered nosave memory: [mem 0x000a0000-0x000effff]
[    0.000000] PM: Registered nosave memory: [mem 0x000f0000-0x000fffff]
[    0.000000] e820: [mem 0x40000000-0xfebfffff] available for PCI devices
[    0.000000] Booting paravirtualized kernel on KVM
[    0.000000] clocksource: refined-jiffies: mask: 0xffffffff max_cycles: 0xffffffff, max_idle_ns: 7645519600211568 ns
[    0.000000] random: get_random_bytes called from start_kernel+0x99/0x4fd with crng_init=0
[    0.000000] setup_percpu: NR_CPUS:8192 nr_cpumask_bits:2 nr_cpu_ids:2 nr_node_ids:1
[    0.000000] percpu: Embedded 45 pages/cpu s147456 r8192 d28672 u1048576
[    0.000000] PV qspinlock hash table entries: 256 (order: 0, 4096 bytes)
[    0.000000] Built 1 zonelists, mobility grouping on.  Total pages: 257913
[    0.000000] Policy zone: DMA32
[    0.000000] Kernel command line: BOOT_IMAGE=/boot/vmlinuz-4.15.0-101-generic root=LABEL=cloudimg-rootfs ro console=tty1 console=ttyS0
[    0.000000] Memory: 983060K/1048120K available (12300K kernel code, 2481K rwdata, 4268K rodata, 2432K init, 2712K bss, 65060K reserved, 0K cma-reserved)
[    0.000000] SLUB: HWalign=64, Order=0-3, MinObjects=0, CPUs=2, Nodes=1
[    0.000000] Kernel/User page tables isolation: enabled
[    0.000000] ftrace: allocating 39364 entries in 154 pages
[    0.004000] Hierarchical RCU implementation.
[    0.004000] 	RCU restricting CPUs from NR_CPUS=8192 to nr_cpu_ids=2.
[    0.004000] 	Tasks RCU enabled.
[    0.004000] RCU: Adjusting geometry for rcu_fanout_leaf=16, nr_cpu_ids=2
[    0.004000] NR_IRQS: 524544, nr_irqs: 440, preallocated irqs: 16
[    0.004000] Console: colour VGA+ 80x25
[    0.004000] console [tty1] enabled
[    0.004000] console [ttyS0] enabled
[    0.004000] ACPI: Core revision 20170831
[    0.004000] ACPI: 2 ACPI AML tables successfully acquired and loaded
[    0.004000] APIC: Switch to symmetric I/O mode setup
[    0.004000] x2apic enabled
[    0.004000] Switched APIC routing to physical x2apic.
[    0.004000] ..TIMER: vector=0x30 apic1=0 pin1=2 apic2=-1 pin2=-1
[    0.004003] tsc: Detected 2495.998 MHz processor
[    0.004912] Calibrating delay loop (skipped) preset value.. 4991.99 BogoMIPS (lpj=9983992)
[    0.005615] pid_max: default: 32768 minimum: 301
[    0.008028] Security Framework initialized
[    0.008840] Yama: becoming mindful.
[    0.009558] AppArmor: AppArmor initialized
[    0.012000] Dentry cache hash table entries: 131072 (order: 8, 1048576 bytes)
[    0.012052] Inode-cache hash table entries: 65536 (order: 7, 524288 bytes)
[    0.013359] Mount-cache hash table entries: 2048 (order: 2, 16384 bytes)
[    0.016012] Mountpoint-cache hash table entries: 2048 (order: 2, 16384 bytes)
[    0.017947] Last level iTLB entries: 4KB 64, 2MB 8, 4MB 8
[    0.020002] Last level dTLB entries: 4KB 64, 2MB 0, 4MB 0, 1GB 4
[    0.021139] Spectre V1 : Mitigation: usercopy/swapgs barriers and __user pointer sanitization
[    0.024002] Spectre V2 : Mitigation: Full generic retpoline
[    0.026088] Spectre V2 : Spectre v2 / SpectreRSB mitigation: Filling RSB on context switch
[    0.028003] Speculative Store Bypass: Vulnerable
[    0.028991] MDS: Mitigation: Clear CPU buffers
[    0.030278] Freeing SMP alternatives memory: 36K
[    0.142700] smpboot: CPU0: Intel(R) Core(TM) i7-7660U CPU @ 2.50GHz (family: 0x6, model: 0x8e, stepping: 0x9)
[    0.144000] Performance Events: unsupported p6 CPU model 142 no PMU driver, software events only.
[    0.144166] Hierarchical SRCU implementation.
[    0.145945] NMI watchdog: Perf event create on CPU 0 failed with -2
[    0.148002] NMI watchdog: Perf NMI watchdog permanently disabled
[    0.149510] smp: Bringing up secondary CPUs ...
[    0.150720] x86: Booting SMP configuration:
[    0.152002] .... node  #0, CPUs:      #1
[    0.004000] kvm-clock: cpu 1, msr 0:3ff44041, secondary cpu clock
[    0.158566] smp: Brought up 1 node, 2 CPUs
[    0.160005] smpboot: Max logical packages: 1
[    0.161678] smpboot: Total of 2 processors activated (9983.99 BogoMIPS)
[    0.164112] devtmpfs: initialized
[    0.164938] x86/mm: Memory block size: 128MB
[    0.166052] evm: security.selinux
[    0.166717] evm: security.SMACK64
[    0.167401] evm: security.SMACK64EXEC
[    0.168002] evm: security.SMACK64TRANSMUTE
[    0.169049] evm: security.SMACK64MMAP
[    0.169980] evm: security.apparmor
[    0.170939] evm: security.ima
[    0.172002] evm: security.capability
[    0.173059] clocksource: jiffies: mask: 0xffffffff max_cycles: 0xffffffff, max_idle_ns: 7645041785100000 ns
[    0.174226] futex hash table entries: 512 (order: 3, 32768 bytes)
[    0.177127] pinctrl core: initialized pinctrl subsystem
[    0.178271] RTC time:  2:34:13, date: 05/23/20
[    0.180157] NET: Registered protocol family 16
[    0.181499] audit: initializing netlink subsys (disabled)
[    0.182594] audit: type=2000 audit(1590201259.086:1): state=initialized audit_enabled=0 res=1
[    0.184009] cpuidle: using governor ladder
[    0.185099] cpuidle: using governor menu
[    0.186057] ACPI: bus type PCI registered
[    0.188003] acpiphp: ACPI Hot Plug PCI Controller Driver version: 0.5
[    0.189772] PCI: Using configuration type 1 for base access
[    0.192753] HugeTLB registered 2.00 MiB page size, pre-allocated 0 pages
[    0.196075] ACPI: Added _OSI(Module Device)
[    0.197239] ACPI: Added _OSI(Processor Device)
[    0.198176] ACPI: Added _OSI(3.0 _SCP Extensions)
[    0.200002] ACPI: Added _OSI(Processor Aggregator Device)
[    0.201030] ACPI: Added _OSI(Linux-Dell-Video)
[    0.201888] ACPI: Added _OSI(Linux-Lenovo-NV-HDMI-Audio)
[    0.202926] ACPI: Added _OSI(Linux-HPI-Hybrid-Graphics)
[    0.204376] ACPI: Executed 1 blocks of module-level executable AML code
[    0.209064] ACPI: Interpreter enabled
[    0.210613] ACPI: (supports S0 S5)
[    0.211671] ACPI: Using IOAPIC for interrupt routing
[    0.212191] PCI: Using host bridge windows from ACPI; if necessary, use "pci=nocrs" and report a bug
[    0.216199] ACPI: Enabled 2 GPEs in block 00 to 07
[    0.224212] ACPI: PCI Root Bridge [PCI0] (domain 0000 [bus 00-ff])
[    0.225769] acpi PNP0A03:00: _OSC: OS supports [ASPM ClockPM Segments MSI]
[    0.227437] acpi PNP0A03:00: _OSC: not requesting OS control; OS requires [ExtendedConfig ASPM ClockPM MSI]
[    0.228020] acpi PNP0A03:00: fail to add MMCONFIG information, can't access extended PCI configuration space under this bridge.
[    0.232521] PCI host bridge to bus 0000:00
[    0.233342] pci_bus 0000:00: root bus resource [io  0x0000-0x0cf7 window]
[    0.234635] pci_bus 0000:00: root bus resource [io  0x0d00-0xffff window]
[    0.236003] pci_bus 0000:00: root bus resource [mem 0x000a0000-0x000bffff window]
[    0.237459] pci_bus 0000:00: root bus resource [mem 0x40000000-0xfdffffff window]
[    0.238922] pci_bus 0000:00: root bus resource [bus 00-ff]
[    0.242684] pci 0000:00:01.1: legacy IDE quirk: reg 0x10: [io  0x01f0-0x01f7]
[    0.244004] pci 0000:00:01.1: legacy IDE quirk: reg 0x14: [io  0x03f6]
[    0.245974] pci 0000:00:01.1: legacy IDE quirk: reg 0x18: [io  0x0170-0x0177]
[    0.248002] pci 0000:00:01.1: legacy IDE quirk: reg 0x1c: [io  0x0376]
[    0.268091] pci 0000:00:07.0: quirk: [io  0x4000-0x403f] claimed by PIIX4 ACPI
[    0.270116] pci 0000:00:07.0: quirk: [io  0x4100-0x410f] claimed by PIIX4 SMB
[    0.277344] ACPI: PCI Interrupt Link [LNKA] (IRQs 5 9 10 *11)
[    0.280000] ACPI: PCI Interrupt Link [LNKB] (IRQs 5 9 *10 11)
[    0.280156] ACPI: PCI Interrupt Link [LNKC] (IRQs 5 *9 10 11)
[    0.284145] ACPI: PCI Interrupt Link [LNKD] (IRQs 5 9 10 *11)
[    0.288402] SCSI subsystem initialized
[    0.289700] pci 0000:00:02.0: vgaarb: setting as boot VGA device
[    0.290509] pci 0000:00:02.0: vgaarb: VGA device added: decodes=io+mem,owns=io+mem,locks=none
[    0.292009] pci 0000:00:02.0: vgaarb: bridge control possible
[    0.296002] vgaarb: loaded
[    0.296619] ACPI: bus type USB registered
[    0.297424] usbcore: registered new interface driver usbfs
[    0.298482] usbcore: registered new interface driver hub
[    0.300023] usbcore: registered new device driver usb
[    0.301252] EDAC MC: Ver: 3.0.0
[    0.301252] PCI: Using ACPI for IRQ routing
[    0.304321] NetLabel: Initializing
[    0.305018] NetLabel:  domain hash size = 128
[    0.305968] NetLabel:  protocols = UNLABELED CIPSOv4 CALIPSO
[    0.308087] NetLabel:  unlabeled traffic allowed by default
[    0.309578] clocksource: Switched to clocksource kvm-clock
[    0.320397] VFS: Disk quotas dquot_6.6.0
[    0.321823] VFS: Dquot-cache hash table entries: 512 (order 0, 4096 bytes)
[    0.323704] AppArmor: AppArmor Filesystem Enabled
[    0.324896] pnp: PnP ACPI init
[    0.326814] pnp: PnP ACPI: found 3 devices
[    0.340609] clocksource: acpi_pm: mask: 0xffffff max_cycles: 0xffffff, max_idle_ns: 2085701024 ns
[    0.350250] NET: Registered protocol family 2
[    0.352257] TCP established hash table entries: 8192 (order: 4, 65536 bytes)
[    0.354472] TCP bind hash table entries: 8192 (order: 5, 131072 bytes)
[    0.361988] TCP: Hash tables configured (established 8192 bind 8192)
[    0.369484] UDP hash table entries: 512 (order: 2, 16384 bytes)
[    0.375677] UDP-Lite hash table entries: 512 (order: 2, 16384 bytes)
[    0.384207] NET: Registered protocol family 1
[    0.387613] pci 0000:00:00.0: Limiting direct PCI/PCI transfers
[    0.393612] pci 0000:00:01.0: Activating ISA DMA hang workarounds
[    0.399309] pci 0000:00:02.0: Video device with shadowed ROM at [mem 0x000c0000-0x000dffff]
[    0.408881] Unpacking initramfs...
[    0.715774] Freeing initrd memory: 19208K
[    0.717020] clocksource: tsc: mask: 0xffffffffffffffff max_cycles: 0x23fa754787d, max_idle_ns: 440795210092 ns
[    0.724086] platform rtc_cmos: registered platform RTC device (no PNP device found)
[    0.728039] Scanning for low memory corruption every 60 seconds
[    0.730831] Initialise system trusted keyrings
[    0.734681] Key type blacklist registered
[    0.737120] workingset: timestamp_bits=36 max_order=18 bucket_order=0
[    0.743489] zbud: loaded
[    0.744961] squashfs: version 4.0 (2009/01/31) Phillip Lougher
[    0.748001] fuse init (API version 7.26)
[    0.751313] Key type asymmetric registered
[    0.752738] Asymmetric key parser 'x509' registered
[    0.754446] Block layer SCSI generic (bsg) driver version 0.4 loaded (major 246)
[    0.756767] io scheduler noop registered
[    0.757687] io scheduler deadline registered
[    0.758740] io scheduler cfq registered (default)
[    0.760185] ACPI: AC Adapter [AC] (on-line)
[    0.761054] input: Power Button as /devices/LNXSYSTM:00/LNXPWRBN:00/input/input0
[    0.762497] ACPI: Power Button [PWRF]
[    0.763341] input: Sleep Button as /devices/LNXSYSTM:00/LNXSLPBN:00/input/input1
[    0.765079] ACPI: Sleep Button [SLPF]
[    0.767548] ACPI: Battery Slot [BAT0] (battery present)
[    0.769185] Serial: 8250/16550 driver, 32 ports, IRQ sharing enabled
[    0.791330] 00:02: ttyS0 at I/O 0x3f8 (irq = 4, base_baud = 115200) is a 16550A
[    0.796878] Linux agpgart interface v0.103
[    0.799307] loop: module loaded
[    0.800466] scsi host0: ata_piix
[    0.801233] scsi host1: ata_piix
[    0.802046] ata1: PATA max UDMA/33 cmd 0x1f0 ctl 0x3f6 bmdma 0xd000 irq 14
[    0.803341] ata2: PATA max UDMA/33 cmd 0x170 ctl 0x376 bmdma 0xd008 irq 15
[    0.805588] libphy: Fixed MDIO Bus: probed
[    0.807560] tun: Universal TUN/TAP device driver, 1.6
[    0.809073] PPP generic driver version 2.4.2
[    0.810340] ehci_hcd: USB 2.0 'Enhanced' Host Controller (EHCI) Driver
[    0.811568] ehci-pci: EHCI PCI platform driver
[    0.812780] ehci-platform: EHCI generic platform driver
[    0.814692] ohci_hcd: USB 1.1 'Open' Host Controller (OHCI) Driver
[    0.815865] ohci-pci: OHCI PCI platform driver
[    0.816846] ohci-platform: OHCI generic platform driver
[    0.817850] uhci_hcd: USB Universal Host Controller Interface driver
[    0.819183] i8042: PNP: PS/2 Controller [PNP0303:PS2K,PNP0f03:PS2M] at 0x60,0x64 irq 1,12
[    0.821671] serio: i8042 KBD port at 0x60,0x64 irq 1
[    0.823676] serio: i8042 AUX port at 0x60,0x64 irq 12
[    0.825521] mousedev: PS/2 mouse device common for all mice
[    0.827598] input: AT Translated Set 2 keyboard as /devices/platform/i8042/serio0/input/input2
[    0.829717] rtc_cmos rtc_cmos: rtc core: registered rtc_cmos as rtc0
[    0.831480] rtc_cmos rtc_cmos: alarms up to one day, 114 bytes nvram
[    0.833146] i2c /dev entries driver
[    0.833937] device-mapper: uevent: version 1.0.3
[    0.834935] device-mapper: ioctl: 4.37.0-ioctl (2017-09-20) initialised: dm-devel@redhat.com
[    0.836690] ledtrig-cpu: registered to indicate activity on CPUs
[    0.838247] NET: Registered protocol family 10
[    0.842589] Segment Routing with IPv6
[    0.844383] NET: Registered protocol family 17
[    0.845708] Key type dns_resolver registered
[    0.847292] mce: Using 0 MCE banks
[    0.847983] RAS: Correctable Errors collector initialized.
[    0.849241] sched_clock: Marking stable (849222799, 0)->(1024791658, -175568859)
[    0.851222] registered taskstats version 1
[    0.852397] Loading compiled-in X.509 certificates
[    0.858328] Loaded X.509 cert 'Build time autogenerated kernel key: 81757e40860ca54b8a45e323b66799c03c91a344'
[    0.864381] zswap: loaded using pool lzo/zbud
[    0.869674] Key type big_key registered
[    0.872754] Key type trusted registered
[    0.876820] Key type encrypted registered
[    0.878997] AppArmor: AppArmor sha1 policy hashing enabled
[    0.881316] ima: No TPM chip found, activating TPM-bypass! (rc=-19)
[    0.883962] ima: Allocated hash algorithm: sha1
[    0.887392] evm: HMAC attrs: 0x1
[    0.888357]   Magic number: 4:959:561
[    0.889919] rtc_cmos rtc_cmos: setting system clock to 2020-05-23 02:34:14 UTC (1590201254)
[    0.891934] BIOS EDD facility v0.16 2004-Jun-25, 0 devices found
[    0.894127] EDD information not available.
[    0.992621] Freeing unused kernel image memory: 2432K
[    1.172095] Write protecting the kernel read-only data: 20480k
[    1.175314] Freeing unused kernel image memory: 2008K
[    1.177124] Freeing unused kernel image memory: 1876K
[    1.184076] x86/mm: Checked W+X mappings: passed, no W+X pages found.
[    1.185794] x86/mm: Checking user space page tables
[    1.192274] x86/mm: Checked W+X mappings: passed, no W+X pages found.
Loading, please wait...
starting version 237
[    1.251646] e1000: Intel(R) PRO/1000 Network Driver - version 7.3.21-k8-NAPI
[    1.253121] e1000: Copyright (c) 1999-2006 Intel Corporation.
[    1.255643] Fusion MPT base driver 3.04.20
[    1.257352] Copyright (c) 1999-2008 LSI Corporation
[    1.267513] Fusion MPT SPI Host driver 3.04.20
[    1.270520] AVX2 version of gcm_enc/dec engaged.
[    1.271960] AES CTR mode by8 optimization enabled
[    1.456671] input: ImExPS/2 Generic Explorer Mouse as /devices/platform/i8042/serio1/input/input4
[    1.726245] e1000 0000:00:03.0 eth0: (PCI:33MHz:32-bit) 02:b8:b0:53:1b:74
[    1.729639] e1000 0000:00:03.0 eth0: Intel(R) PRO/1000 Network Connection
[    1.732195] mptbase: ioc0: Initiating bringup
[    1.732509] e1000 0000:00:03.0 enp0s3: renamed from eth0
[    2.307800] ioc0: LSI53C1030 A0: Capabilities={Initiator}
[    4.797274] scsi host2: ioc0: LSI53C1030 A0, FwRev=00000000h, Ports=1, MaxQ=256, IRQ=20
[    6.477867] scsi 2:0:0:0: Direct-Access     VBOX     HARDDISK         1.0  PQ: 0 ANSI: 5
[    6.734873] scsi target2:0:0: Beginning Domain Validation
[    6.738462] scsi target2:0:0: Domain Validation skipping write tests
[    6.740339] scsi target2:0:0: Ending Domain Validation
[    6.742118] scsi target2:0:0: asynchronous
[    6.743993] scsi 2:0:1:0: Direct-Access     VBOX     HARDDISK         1.0  PQ: 0 ANSI: 5
[    7.796070] scsi target2:0:1: Beginning Domain Validation
[    7.798486] random: fast init done
[    7.799695] scsi target2:0:1: Domain Validation skipping write tests
[    7.800980] scsi target2:0:1: Ending Domain Validation
[    7.801997] scsi target2:0:1: asynchronous
[    7.805844] random: systemd-udevd: uninitialized urandom read (16 bytes read)
[    7.806135] sd 2:0:0:0: [sda] 20971520 512-byte logical blocks: (10.7 GB/10.0 GiB)
[    7.807619] random: systemd-udevd: uninitialized urandom read (16 bytes read)
[    7.810358] sd 2:0:0:0: Attached scsi generic sg0 type 0
[    7.811745] random: systemd-udevd: uninitialized urandom read (16 bytes read)
[    7.811925] sd 2:0:0:0: [sda] Write Protect is off
[    7.816555] sd 2:0:1:0: Attached scsi generic sg1 type 0
[    7.818432] sd 2:0:0:0: [sda] Incomplete mode parameter data
[    7.819762] sd 2:0:0:0: [sda] Assuming drive cache: write through
[    7.820201] sd 2:0:1:0: [sdb] 20480 512-byte logical blocks: (10.5 MB/10.0 MiB)
[    7.823281] sd 2:0:1:0: [sdb] Write Protect is off
[    7.825697] sd 2:0:1:0: [sdb] Incomplete mode parameter data
[    7.827104] sd 2:0:1:0: [sdb] Assuming drive cache: write through
[    7.830800]  sda: sda1
[    7.831801] sd 2:0:1:0: [sdb] Attached SCSI disk
[    7.834223] sd 2:0:0:0: [sda] Attached SCSI disk
Begin: Loading essential drivers ... [    9.224228] raid6: sse2x1   gen() 12933 MB/s
[    9.272570] raid6: sse2x1   xor()  9147 MB/s
[    9.320501] raid6: sse2x2   gen() 14863 MB/s
[    9.368105] raid6: sse2x2   xor()  5288 MB/s
[    9.416104] raid6: sse2x4   gen()  6486 MB/s
[    9.464476] raid6: sse2x4   xor() 11132 MB/s
[    9.512301] raid6: avx2x1   gen() 25652 MB/s
[    9.560437] raid6: avx2x1   xor() 17354 MB/s
[    9.608613] raid6: avx2x2   gen() 30644 MB/s
[    9.656307] raid6: avx2x2   xor() 19481 MB/s
[    9.704269] raid6: avx2x4   gen() 35722 MB/s
[    9.752281] raid6: avx2x4   xor() 22173 MB/s
[    9.753787] raid6: using algorithm avx2x4 gen() 35722 MB/s
[    9.755510] raid6: .... xor() 22173 MB/s, rmw enabled
[    9.756815] raid6: using avx2x2 recovery algorithm
[    9.759006] xor: automatically using best checksumming function   avx       
[    9.762265] async_tx: api initialized (async)
done.
Begin: Running /scripts/init-premount ... done.
Begin: Mounting root file system ... Begin: Running /scripts/local-top ... done.
Begin: Running /scripts/local-premount ... [    9.802545] Btrfs loaded, crc32c=crc32c-intel
Scanning for Btrfs filesystems
done.
Warning: fsck not present, so skipping root file system
[    9.834689] EXT4-fs (sda1): mounted filesystem with ordered data mode. Opts: (null)
done.
Begin: Running /scripts/local-bottom ... done.
Begin: Running /scripts/init-bottom ... done.
[   10.002030] ip_tables: (C) 2000-2006 Netfilter Core Team
[   10.013860] systemd[1]: systemd 237 running in system mode. (+PAM +AUDIT +SELINUX +IMA +APPARMOR +SMACK +SYSVINIT +UTMP +LIBCRYPTSETUP +GCRYPT +GNUTLS +ACL +XZ +LZ4 +SECCOMP +BLKID +ELFUTILS +KMOD -IDN2 +IDN -PCRE2 default-hierarchy=hybrid)
[   10.018472] systemd[1]: Detected virtualization oracle.
[   10.019497] systemd[1]: Detected architecture x86-64.

Welcome to [1mUbuntu 18.04.4 LTS[0m!

[   10.036989] systemd[1]: Set hostname to <ubuntu>.
[   10.044770] systemd[1]: Initializing machine ID from random generator.
[   10.046244] systemd[1]: Installed transient /etc/machine-id file.
[   10.326709] systemd[1]: Created slice User and Session Slice.
[[0;32m  OK  [0m] Created slice User and Session Slice.
[   10.329046] systemd[1]: Started Forward Password Requests to Wall Directory Watch.
[[0;32m  OK  [0m] Started Forward Password Requests to Wall Directory Watch.
[   10.333915] systemd[1]: Reached target User and Group Name Lookups.
[[0;32m  OK  [0m] Reached target User and Group Name Lookups.
[   10.336270] systemd[1]: Reached target Swap.
[[0;32m  OK  [0m] Reached target Swap.
[[0;32m  OK  [0m] Created slice System Slice.
[[0;32m  OK  [0m] Listening on LVM2 poll daemon socket.
[[0;32m  OK  [0m] Listening on LVM2 metadata daemon socket.
[[0;32m  OK  [0m] Created slice system-serial\x2dgetty.slice.
[[0;32m  OK  [0m] Listening on Journal Socket (/dev/log).
[[0;32m  OK  [0m] Listening on Journal Audit Socket.
[[0;32m  OK  [0m] Listening on /dev/initctl Compatibility Named Pipe.
[[0;32m  OK  [0m] Listening on Network Service Netlink Socket.
[[0;32m  OK  [0m] Listening on Journal Socket.
         Mounting POSIX Message Queue File System...
         Starting Load Kernel Modules...
         Mounting Huge Pages File System...
         Starting Remount Root and Kernel File Systems...
[   10.436899] Loading iSCSI transport class v2.0-870.
[   10.444626] iscsi: registered transport (tcp)
         Starting Uncomplicated firewall...
[[0;32m  OK  [0m] Reached target System Time Synchronized.
[[0;32m  OK  [0m] Listening on udev Kernel Socket.
[[0;32m  OK  [0m] Listening on Device-mapper event daemon FIFOs.
         Starting Monitoring of LVM2 mirrorsâ€¦ng dmeventd or progress polling...
         Starting Set the console keyboard layout...
         Mounting Kernel Debug File System...
[[0;32m  OK  [0m] Listening on Syslog Socket.
         Starting Journal Service...
         Starting Create list of required stâ€¦ce nodes for the current kernel...
[[0;32m  OK  [0m] Listening on udev Control Socket.
         Starting udev Coldplug all Devices...
[[0;32m  OK  [0m] Reached target Slices.
[[0;32m  OK  [0m] Set up automount Arbitrary Executabâ€¦rmats File System Automount Point.
[[0;32m  OK  [0m] Mounted POSIX Message Queue File System.
[[0;32m  OK  [0m] Mounted Huge Pages File System.
[[0;32m  OK  [0m] Started Uncomplicated firewall.
[[0;32m  OK  [0m] Mounted Kernel Debug File System.
[[0;32m  OK  [0m] Started LVM2 metadata daemon.
[   10.579479] EXT4-fs (sda1): re-mounted. Opts: (null)
[[0;32m  OK  [0m] Started Remount Root and Kernel File Systems.
         Starting Load/Save Random Seed...
[[0;32m  OK  [0m] Started Journal Service.
[[0;32m  OK  [0m] Started Create list of required staâ€¦vice nodes for the current kernel.
[[0;32m  OK  [0m] Started udev Coldplug all Devices.
         Starting Create Static Device Nodes in /dev...
         Starting Flush Journal to Persistent Storage...
[   10.640619] iscsi: registered transport (iser)
[[0;32m  OK  [0m] Started Load Kernel Modules.
         Mounting FUSE Control File System...
         Mounting Kernel Configuration File System...
         Starting Apply Kernel Variables...
[[0;32m  OK  [0m] Mounted FUSE Control File System.
[[0;32m  OK  [0m] Started Load/Save Random Seed.
[[0;32m  OK  [0m] Mounted Kernel Configuration File System.
[[0;32m  OK  [0m] Started Monitoring of LVM2 mirrors,â€¦sing dmeventd or progress polling.
[   10.691319] systemd-journald[408]: Received request to flush runtime journal from PID 1
[[0;32m  OK  [0m] Started Apply Kernel Variables.
[[0;32m  OK  [0m] Started Flush Journal to Persistent Storage.
[[0;32m  OK  [0m] Started Create Static Device Nodes in /dev.
         Starting udev Kernel Device Manager...
[[0;32m  OK  [0m] Started Set the console keyboard layout.
[[0;32m  OK  [0m] Reached target Local File Systems (Pre).
[[0;32m  OK  [0m] Reached target Local File Systems.
         Starting Create Volatile Files and Directories...
         Starting Commit a transient machine-id on disk...
         Starting AppArmor initialization...
         Starting ebtables ruleset management...
         Starting Set console font and keymap...
         Starting Tell Plymouth To Write Out Runtime Data...
[[0;32m  OK  [0m] Started udev Kernel Device Manager.
[[0;32m  OK  [0m] Started Dispatch Password Requests to Console Directory Watch.
[[0;32m  OK  [0m] Reached target Local Encrypted Volumes.
[[0;32m  OK  [0m] Started Create Volatile Files and Directories.
         Starting Update UTMP about System Boot/Shutdown...
[[0;32m  OK  [0m] Started Set console font and keymap.
[[0;32m  OK  [0m] Started Tell Plymouth To Write Out Runtime Data.
[[0;32m  OK  [0m] Started Update UTMP about System Boot/Shutdown.
[[0;32m  OK  [0m] Started Commit a transient machine-id on disk.
[[0;32m  OK  [0m] Started ebtables ruleset management.
[[0;32m  OK  [0m] Found device /dev/ttyS0.
[[0;32m  OK  [0m] Listening on Load/Save RF Kill Switch Status /dev/rfkill Watch.
[[0;32m  OK  [0m] Started AppArmor initialization.
         Starting Initial cloud-init job (pre-networking)...
[   13.076968] cloud-init[555]: Cloud-init v. 19.4-33-gbb4131a2-0ubuntu1~18.04.1 running 'init-local' at Sat, 23 May 2020 02:34:26 +0000. Up 12.69 seconds.
[[0;32m  OK  [0m] Started Initial cloud-init job (pre-networking).
[[0;32m  OK  [0m] Reached target Network (Pre).
         Starting Network Service...
[[0;32m  OK  [0m] Started Network Service.
         Starting Network Name Resolution...
         Starting Wait for Network to be Configured...
[[0;32m  OK  [0m] Started Network Name Resolution.
[[0;32m  OK  [0m] Reached target Host and Network Name Lookups.
[[0;32m  OK  [0m] Reached target Network.
[[0;32m  OK  [0m] Started Wait for Network to be Configured.
         Starting Initial cloud-init job (metadata service crawler)...
[   14.873056] cloud-init[664]: Cloud-init v. 19.4-33-gbb4131a2-0ubuntu1~18.04.1 running 'init' at Sat, 23 May 2020 02:34:28 +0000. Up 14.74 seconds.
[   14.876147] cloud-init[664]: ci-info: ++++++++++++++++++++++++++++++++++++++Net device info++++++++++++++++++++++++++++++++++++++
[   14.888610] cloud-init[664]: ci-info: +--------+------+----------------------------+---------------+--------+-------------------+
[   14.890708] cloud-init[664]: ci-info: | Device |  Up  |          Address           |      Mask     | Scope  |     Hw-Address    |
[   14.892678] cloud-init[664]: ci-info: +--------+------+----------------------------+---------------+--------+-------------------+
[   14.894563] cloud-init[664]: ci-info: | enp0s3 | True |         10.0.2.15          | 255.255.255.0 | global | 02:b8:b0:53:1b:74 |
[   14.897644] cloud-init[664]: ci-info: | enp0s3 | True | fe80::b8:b0ff:fe53:1b74/64 |       .       |  link  | 02:b8:b0:53:1b:74 |
[   14.899592] cloud-init[664]: ci-info: |   lo   | True |         127.0.0.1          |   255.0.0.0   |  host  |         .         |
[   14.901355] cloud-init[664]: ci-info: |   lo   | True |          ::1/128           |       .       |  host  |         .         |
[   14.903346] cloud-init[664]: ci-info: +--------+------+----------------------------+---------------+--------+-------------------+
[   14.904945] cloud-init[664]: ci-info: ++++++++++++++++++++++++++++Route IPv4 info+++++++++++++++++++++++++++++
[   14.906372] cloud-init[664]: ci-info: +-------+-------------+----------+-----------------+-----------+-------+
[   14.908046] cloud-init[664]: ci-info: | Route | Destination | Gateway  |     Genmask     | Interface | Flags |
[   14.910250] cloud-init[664]: ci-info: +-------+-------------+----------+-----------------+-----------+-------+
[   14.911941] cloud-init[664]: ci-info: |   0   |   0.0.0.0   | 10.0.2.2 |     0.0.0.0     |   enp0s3  |   UG  |
[   14.913484] cloud-init[664]: ci-info: |   1   |   10.0.2.0  | 0.0.0.0  |  255.255.255.0  |   enp0s3  |   U   |
[   14.915113] cloud-init[664]: ci-info: |   2   |   10.0.2.2  | 0.0.0.0  | 255.255.255.255 |   enp0s3  |   UH  |
[   14.917025] cloud-init[664]: ci-info: +-------+-------------+----------+-----------------+-----------+-------+
[   14.918604] cloud-init[664]: ci-info: +++++++++++++++++++Route IPv6 info+++++++++++++++++++
[   14.920148] cloud-init[664]: ci-info: +-------+-------------+---------+-----------+-------+
[   14.932268] cloud-init[664]: ci-info: | Route | Destination | Gateway | Interface | Flags |
[   14.932938] cloud-init[664]: ci-info: +-------+-------------+---------+-----------+-------+
[   14.933505] cloud-init[664]: ci-info: |   1   |  fe80::/64  |    ::   |   enp0s3  |   U   |
[   14.934940] cloud-init[664]: ci-info: |   3   |    local    |    ::   |   enp0s3  |   U   |
[   14.936555] cloud-init[664]: ci-info: |   4   |   ff00::/8  |    ::   |   enp0s3  |   U   |
[   14.938893] cloud-init[664]: ci-info: +-------+-------------+---------+-----------+-------+
[   15.589819] cloud-init[664]: Generating public/private rsa key pair.
[   15.591962] cloud-init[664]: Your identification has been saved in /etc/ssh/ssh_host_rsa_key.
[   15.594610] cloud-init[664]: Your public key has been saved in /etc/ssh/ssh_host_rsa_key.pub.
[   15.596175] cloud-init[664]: The key fingerprint is:
[   15.597552] cloud-init[664]: SHA256:90Th9RFpHjC+b8aBTwOxYEsZuA717QSLGd3yuYxPa9o root@ubuntu-bionic
[   15.599998] cloud-init[664]: The key's randomart image is:
[   15.601770] cloud-init[664]: +---[RSA 2048]----+
[   15.605904] cloud-init[664]: |          o==+ooo|
[   15.607211] cloud-init[664]: |         +o*+++=.|
[   15.609127] cloud-init[664]: |        . *.O++ o|
[   15.610684] cloud-init[664]: |       . + + =+. |
[   15.613005] cloud-init[664]: |        S . *o.+ |
[   15.614368] cloud-init[664]: |         o + == o|
[   15.615635] cloud-init[664]: |            + .* |
[   15.616943] cloud-init[664]: |            .+o  |
[   15.618376] cloud-init[664]: |           .oE   |
[   15.632726] cloud-init[664]: [[0;32m  OK  [0m] Started Initial cloud-init job (metadata service crawler).
[[0;32m  OK  [0m] Reached target System Initialization.
[[0;32m  OK  [0m] Listening on Open-iSCSI iscsid Socket.
[[0;32m  OK  [0m] Started Message of the Day.
+----[SHA256]-----+
         Starting LXD - unix socket.
[[0;32m  OK  [0m] Started Daily Cleanup of Temporary Directories.
[[0;32m  OK  [0m] Listening on UUID daemon activation socket.
[[0;32m  OK  [0m] Started Discard unused blocks once a week.
[[0;32m  OK  [0m] Listening on D-Bus System Message Bus Socket.
[[0;32m  OK  [0m] Started ACPI Events Check.
         Starting Socket activation for snappy daemon.
[   15.639523] [[0;32m  OK  [0m] Listening on ACPID Listen Socket.
[[0;32m  OK  [0m] Reached target Paths.
[[0;32m  OK  [0m] Started Daily apt download activities.
[[0;32m  OK  [0m] Started Daily apt upgrade and clean activities.
[[0;32m  OK  [0m] Reached target Timers.
[[0;32m  OK  [0m] Reached target Network is Online.
cloud-init[664]: Generating public/private dsa key pair.
         Starting Availability of block devices...
[[0;32m  OK  [0m] Reached target Remote File Systems (Pre).
[[0;32m  OK  [0m] Reached target Remote File Systems.
[[0;32m  OK  [0m] Reached target Cloud-config availability.
[[0;32m  OK  [0m] Listening on LXD - unix socket.
[[0;32m  OK  [0m] Listening on Socket activation for snappy daemon.
[   15.672750] cloud-init[664]: Your identification has been saved in /etc/ssh/ssh_host_dsa_key.
[   15.683570] cloud-init[664]: Your public key has been saved in /etc/ssh/ssh_host_dsa_key.pub.
[   15.684831] cloud-init[664]: The key fingerprint is:
[   15.685705] cloud-init[664]: SHA256:yoIr7x3MwTNP8GIIx1XJexcb3d/K0hYDCYIKMl1GuIs root@ubuntu-bionic
[[0;32m  OK  [0m] Started Availability of block devices.
[[0;32m  OK  [0m] Reached target Sockets.
[[0;32m  OK  [0m] Reached target Basic System.
[   15.690987] cloud-init[664]: The key's randomart image is:
[   15.697748] cloud-init[664]: +---[DSA 1024]----+
[   15.698755] cloud-init[664]: | . +=o.o. .o o   |
[   15.699848] cloud-init[664]: |o.+o  +  .o + .  |
         Starting Pollinate to seed the pseudo random number generator...
[   15.701783] cloud-init[664]: |.ooo.. .   + . ..|
[   15.704873] cloud-init[664]: | o.o.o. . o   o o|
[   15.705888] cloud-init[664]: | ...B o.S.   o + |
[   15.706886] cloud-init[664]: |E .= O .    . =  |
[   15.707894] cloud-init[664]: |  . = +      o   |
[[0;32m  OK  [0m] Started Deferred execution scheduler.
         Starting LSB: Record successful boot for GRUB...
         Starting Virtualbox guest utils...
[   15.726331] cloud-init[664]: |.  o o           |
[   15.742144] cloud-init[664]: | ++ .            |
[   15.744408] cloud-init[664]: +----[SHA256]-----+
[   15.746728] cloud-init[664]: Generating public/private ecdsa key pair.
         Starting Dispatcher daemon for systemd-networkd...
[   15.766339] cloud-init[664]: Your identification has been saved in /etc/ssh/ssh_host_ecdsa_key.
         Starting Login Service...
[   15.778342] cloud-init[664]: Your public key has been saved in /etc/ssh/ssh_host_ecdsa_key.pub.
[[0;32m  OK  [0m] Started irqbalance daemon.
         Starting LXD - container startup/shutdown...
[   15.788197] cloud-init[664]: The key fingerprint is:
[   15.795494] cloud-init[664]: SHA256:frqr5qR4NUEMvlsWO8Bef1Gox03OMgROswVrPs8FTuM root@ubuntu-bionic
[   15.797771] cloud-init[664]: The key's randomart image is:
[   15.808261] cloud-init[664]: +---[ECDSA 256]---+
[   15.809250] cloud-init[664]: |    .o  =o...    |
[   15.811483] cloud-init[664]: |   o  oo =o..    |
[   15.812666] cloud-init[664]: |    +.o =+==     |
[   15.813697] cloud-init[664]: |   . +.*.+=++    |
[   15.814961] cloud-init[664]: |    o =.S.Eo.    |
[   15.816330] cloud-init[664]: |     +oo = .     |
[   15.817643] cloud-init[664]: |    ..... +      |
[   15.819074] cloud-init[664]: |   ..o.  o       |
[   15.820191] cloud-init[664]: |  ...oo.+o       |
[   15.821479] cloud-init[664]: +----[SHA256]-----+
[   15.822688] cloud-init[664]: Generating public/private ed25519 key pair.
[   15.824079] cloud-init[664]: Your identification has been saved in /etc/ssh/ssh_host_ed25519_key.
[   15.826879] cloud-init[664]: Your public key has been saved in /etc/ssh/ssh_host_ed25519_key.pub.
[   15.829151] cloud-init[664]: The key fingerprint is:
[   15.831745] cloud-init[664]: SHA256:8l7ab6zxYRwLyhpQRZ5pNsOld+TaX5VJS8+2PfsFqe4 root@ubuntu-bionic
[   15.833835] cloud-init[664]: The key's randomart image is:
[   15.834937] cloud-init[664]: +--[ED25519 256]--+
[   15.836582] cloud-init[664]: |       .o . .  o |
[   15.837517] cloud-init[664]: |       + = o  o.=|
[   15.838572] cloud-init[664]: |      . @ . o  +=|
[   15.839536] cloud-init[664]: |     . o + +   o+|
[   15.840469] cloud-init[664]: |    . . S o o ooo|
[   15.841744] cloud-init[664]: |     . + . o = oo|
[   15.842676] cloud-init[664]: |      . + o.* ...|
[   15.844399] cloud-init[664]: |       + + =o.  o|
[   15.845888] cloud-init[664]: |      . o o=E   .|
[   15.847394] cloud-init[664]: +----[SHA256]-----+
[[0;32m  OK  [0m] Started Regular background program processing daemon.
         Starting Snappy daemon...
[[0;32m  OK  [0m] Started FUSE filesystem for LXC.
[[0;32m  OK  [0m] Started D-Bus System Message Bus.
[[0;32m  OK  [0m] Started Login Service.
[[0;32m  OK  [0m] Started Unattended Upgrades Shutdown.
         Starting Permit User Sessions...
         Starting System Logging Service...
         Starting Accounts Service...
         Starting LSB: automatic crash report generation...
[[0;32m  OK  [0m] Started LXD - container startup/shutdown.
[[0;32m  OK  [0m] Started System Logging Service.
[[0;32m  OK  [0m] Started Permit User Sessions.
         Starting Hold until boot process finishes up...
         Starting Terminate Plymouth Boot Screen...
[[0;32m  OK  [0m] Started Hold until boot process finishes up.
[[0;32m  OK  [0m] Started Serial Getty on ttyS0.
         Starting Set console scheme...
[[0;32m  OK  [0m] Started Terminate Plymouth Boot Screen.
[[0;32m  OK  [0m] Started Set console scheme.
[[0;32m  OK  [0m] Created slice system-getty.slice.
[[0;32m  OK  [0m] Started Getty on tty1.
[[0;32m  OK  [0m] Reached target Login Prompts.
[[0;32m  OK  [0m] Started Dispatcher daemon for systemd-networkd.
[[0;32m  OK  [0m] Started LSB: automatic crash report generation.
         Starting Authorization Manager...
[[0;32m  OK  [0m] Started LSB: Record successful boot for GRUB.
[[0;32m  OK  [0m] Started Authorization Manager.
[[0;32m  OK  [0m] Started Accounts Service.
[[0;32m  OK  [0m] Started Virtualbox guest utils.
[[0;32m  OK  [0m] Started Snappy daemon.
         Starting Wait until snapd is fully seeded...
[[0;32m  OK  [0m] Started Pollinate to seed the pseudo random number generator.
         Starting OpenBSD Secure Shell server...
[[0;32m  OK  [0m] Started OpenBSD Secure Shell server.
[[0;32m  OK  [0m] Created slice User Slice of vagrant.
         Starting User Manager for UID 1000...
[[0;32m  OK  [0m] Started Session 1 of user vagrant.
[[0;32m  OK  [0m] Started User Manager for UID 1000.
[[0;32m  OK  [0m] Started Session 3 of user vagrant.

Ubuntu 18.04.4 LTS ubuntu-bionic ttyS0

ubuntu-bionic login: [   29.407288] cloud-init[1657]: Cloud-init v. 19.4-33-gbb4131a2-0ubuntu1~18.04.1 running 'modules:config' at Sat, 23 May 2020 02:34:42 +0000. Up 29.04 seconds.
ci-info: no authorized SSH keys fingerprints found for user ubuntu.
<14>May 23 02:34:43 ec2: 
<14>May 23 02:34:43 ec2: #############################################################
<14>May 23 02:34:43 ec2: -----BEGIN SSH HOST KEY FINGERPRINTS-----
<14>May 23 02:34:43 ec2: 1024 SHA256:yoIr7x3MwTNP8GIIx1XJexcb3d/K0hYDCYIKMl1GuIs root@ubuntu-bionic (DSA)
<14>May 23 02:34:43 ec2: 256 SHA256:frqr5qR4NUEMvlsWO8Bef1Gox03OMgROswVrPs8FTuM root@ubuntu-bionic (ECDSA)
<14>May 23 02:34:43 ec2: 256 SHA256:8l7ab6zxYRwLyhpQRZ5pNsOld+TaX5VJS8+2PfsFqe4 root@ubuntu-bionic (ED25519)
<14>May 23 02:34:43 ec2: 2048 SHA256:90Th9RFpHjC+b8aBTwOxYEsZuA717QSLGd3yuYxPa9o root@ubuntu-bionic (RSA)
<14>May 23 02:34:43 ec2: -----END SSH HOST KEY FINGERPRINTS-----
<14>May 23 02:34:43 ec2: #############################################################
-----BEGIN SSH HOST KEY KEYS-----
ecdsa-sha2-nistp256 AAAAE2VjZHNhLXNoYTItbmlzdHAyNTYAAAAIbmlzdHAyNTYAAABBBDzgJ9+5jlQQuSfhOqDpPF2qY1XC9dsfa1fn36ICwTySetxlD4tBqDqC49p49FDqyy3Q8yG6yMi8QoaP0Vd5l+o= root@ubuntu-bionic
ssh-ed25519 AAAAC3NzaC1lZDI1NTE5AAAAIGqsQzgHP7+ZaIILAG8qTGR+RHhjg+GhJdMVYvoZmNta root@ubuntu-bionic
ssh-rsa AAAAB3NzaC1yc2EAAAADAQABAAABAQDYwXYHgjMj+0CRiy9dY2HVcA7VV3zNuUJuGBAQCgsYnoNy7B6KfPkjEdjoT70edx7A/yjfYaQO2xsmH062o4xtxDkPhUysw59k9IwlxGMqphMBldUOR1/lTpgz3lzCtnsbGvtJq0I2zMyQ0rwMoI7QN2RL+DNZVb0B/w35+9ZfnD7kB8V+bwj5YiSDucUUF8OqrKUCjbYBgAnVp2CMdEWurRvvurhCBYjXbYwjanFs3XOMZrG0XWPsnQJut0maAn0yG5tYv+T7MSedF/5QNwDCsfeVHTj3zq8DBtnHDGoKczmoPPtwAh4dOMkvr/sWJZV5OVvyhc5JJpkZoACpVTMT root@ubuntu-bionic
-----END SSH HOST KEY KEYS-----
[   29.976187] cloud-init[1709]: Cloud-init v. 19.4-33-gbb4131a2-0ubuntu1~18.04.1 running 'modules:final' at Sat, 23 May 2020 02:34:43 +0000. Up 29.81 seconds.
[   29.976309] cloud-init[1709]: ci-info: no authorized SSH keys fingerprints found for user ubuntu.
[   29.977204] cloud-init[1709]: Cloud-init v. 19.4-33-gbb4131a2-0ubuntu1~18.04.1 finished at Sat, 23 May 2020 02:34:43 +0000. Datasource DataSourceNoCloud [seed=/dev/sdb][dsmode=net].  Up 29.96 seconds
